// Jest Snapshot v1, https://goo.gl/fbAQLP

exports[`<ExpenseListItem /> should render ExpenseListItem with an expense 1`] = `
<div
  style={
    Object {
      "borderBottom": "thin solid black",
    }
  }
>
  <p>
    Amount: 
    $1,095.00
    <br />
    Date: 
    December 28th, 1969
    <br />
    <Link
      replace={false}
      to="/edit/2"
    >
      Desc: 
      rent
    </Link>
  </p>
</div>
`;
