// Jest Snapshot v1, https://goo.gl/fbAQLP

exports[`from loginform page should correctly show login page 1`] = `
<div
  className="box-layout"
>
  <div
    className="box-layout__box"
  >
    <h2
      className="box-layout__title"
    >
      Please login to see your expenses.
    </h2>
    <button
      className="button"
      id="loginButton"
    >
      Login with Google
    </button>
  </div>
</div>
`;
